FreeRTOS_IP.h:223:36:FreeRTOS_max_uint32	16	static
FreeRTOS_IP.h:228:35:FreeRTOS_min_int32	16	static
FreeRTOS_IP.h:233:36:FreeRTOS_min_uint32	16	static
FreeRTOS_IP.h:238:36:FreeRTOS_round_up	16	static
FreeRTOS_IP.h:249:38:FreeRTOS_min_BaseType	16	static
FreeRTOS_Stream_Buffer.h:57:28:vStreamBufferClear	16	static
FreeRTOS_Stream_Buffer.h:71:30:uxStreamBufferSpace	32	static
FreeRTOS_Stream_Buffer.h:92:30:uxStreamBufferDistance	32	static
FreeRTOS_Stream_Buffer.h:111:30:uxStreamBufferGetSpace	24	static
FreeRTOS_Stream_Buffer.h:123:30:uxStreamBufferFrontSpace	24	static
FreeRTOS_Stream_Buffer.h:137:30:uxStreamBufferGetSize	24	static
FreeRTOS_Stream_Buffer.h:222:30:uxStreamBufferGetPtr	24	static
FreeRTOS_IP_Private.h:800:23:vCastPointerTo_FreeRTOS_Socket_t	16	static
FreeRTOS_IP_Private.h:804:23:vCastConstPointerTo_FreeRTOS_Socket_t	16	static
FreeRTOS_IP_Private.h:965:27:vCastPointerTo_SocketSelect_t	16	static
FreeRTOS_Sockets.c:103:20:vCastConstPointerTo_F_TCP_UDP_Handler_t	16	static
FreeRTOS_Sockets.c:115:19:vCastPointerTo_NetworkBufferDescriptor_t	16	static
FreeRTOS_Sockets.c:126:19:vCastPointerTo_StreamBuffer_t	16	static
FreeRTOS_Sockets.c:256:19:prvValidSocket	32	static
FreeRTOS_Sockets.c:288:6:vNetworkSocketsInit	8	static
FreeRTOS_Sockets.c:312:19:prvDetermineSocketSize	56	static,ignoring_inline_asm
FreeRTOS_Sockets.c:388:10:FreeRTOS_socket	40	static
FreeRTOS_Sockets.c:513:14:FreeRTOS_CreateSocketSet	16	static
FreeRTOS_Sockets.c:549:7:FreeRTOS_DeleteSocketSet	24	static
FreeRTOS_Sockets.c:573:7:FreeRTOS_FD_SET	40	static,ignoring_inline_asm
FreeRTOS_Sockets.c:614:7:FreeRTOS_FD_CLR	40	static,ignoring_inline_asm
FreeRTOS_Sockets.c:652:14:FreeRTOS_FD_ISSET	32	static,ignoring_inline_asm
FreeRTOS_Sockets.c:693:13:FreeRTOS_select	48	static,ignoring_inline_asm
FreeRTOS_Sockets.c:758:14:prvFindSelectedSocket	32	static
FreeRTOS_Sockets.c:828:9:FreeRTOS_recvfrom	80	static
FreeRTOS_Sockets.c:1022:9:FreeRTOS_sendto	72	static,ignoring_inline_asm
FreeRTOS_Sockets.c:1190:12:FreeRTOS_bind	56	static,ignoring_inline_asm
FreeRTOS_Sockets.c:1271:12:vSocketBind	56	static,ignoring_inline_asm
FreeRTOS_Sockets.c:1422:12:FreeRTOS_closesocket	32	static
FreeRTOS_Sockets.c:1479:8:vSocketClose	48	static
FreeRTOS_Sockets.c:1591:14:prvTCPSetSocketCount	40	static
FreeRTOS_Sockets.c:1637:20:prvSockopt_so_buffer	32	static
FreeRTOS_Sockets.c:1697:12:FreeRTOS_setsockopt	48	static
FreeRTOS_Sockets.c:2071:17:prvGetPrivatePortNumber	32	static
FreeRTOS_Sockets.c:2140:27:pxListFindListItemWithValue	32	static
FreeRTOS_Sockets.c:2175:21:pxUDPSocketLookup	32	static,ignoring_inline_asm
FreeRTOS_Sockets.c:2213:14:FreeRTOS_inet_ntoa	56	static
FreeRTOS_Sockets.c:2298:12:FreeRTOS_inet_pton	32	static
FreeRTOS_Sockets.c:2335:14:FreeRTOS_inet_ntop	32	static
FreeRTOS_Sockets.c:2372:14:FreeRTOS_inet_ntop4	40	static
FreeRTOS_Sockets.c:2407:12:FreeRTOS_inet_pton4	56	static
FreeRTOS_Sockets.c:2514:10:FreeRTOS_inet_addr	24	static
FreeRTOS_Sockets.c:2535:8:FreeRTOS_GetLocalAddress	24	static
FreeRTOS_Sockets.c:2556:6:vSocketWakeUpUser	24	static
FreeRTOS_Sockets.c:2617:13:xPortHasUDPSocket	24	static
FreeRTOS_Sockets.c:2646:20:bMayConnect	24	static
FreeRTOS_Sockets.c:2694:20:prvTCPConnectStart	24	static
FreeRTOS_Sockets.c:2780:13:FreeRTOS_connect	56	static
FreeRTOS_Sockets.c:2867:11:FreeRTOS_accept	72	static
FreeRTOS_Sockets.c:3009:13:FreeRTOS_recv	72	static
FreeRTOS_Sockets.c:3219:17:prvTCPSendCheck	24	static
FreeRTOS_Sockets.c:3283:12:FreeRTOS_get_tx_head	40	static
FreeRTOS_Sockets.c:3329:13:FreeRTOS_send	72	static
FreeRTOS_Sockets.c:3526:13:FreeRTOS_listen	24	static
FreeRTOS_Sockets.c:3597:13:FreeRTOS_shutdown	24	static
FreeRTOS_Sockets.c:3648:13:xTCPTimerCheck	48	static
FreeRTOS_Sockets.c:3744:22:pxTCPSocketLookup	48	static
FreeRTOS_Sockets.c:3807:32:FreeRTOS_get_rx_buf	24	static
FreeRTOS_Sockets.c:3836:26:prvTCPCreateStream	32	static
FreeRTOS_Sockets.c:3924:10:lTCPAddRxdata	80	static
FreeRTOS_Sockets.c:4071:13:FreeRTOS_GetRemoteAddress	24	static
FreeRTOS_Sockets.c:4112:13:FreeRTOS_maywrite	24	static
FreeRTOS_Sockets.c:4158:13:FreeRTOS_tx_space	24	static
FreeRTOS_Sockets.c:4196:13:FreeRTOS_tx_size	24	static
FreeRTOS_Sockets.c:4233:13:FreeRTOS_issocketconnected	24	static
FreeRTOS_Sockets.c:4269:13:FreeRTOS_mss	24	static
FreeRTOS_Sockets.c:4305:13:FreeRTOS_connstatus	24	static
FreeRTOS_Sockets.c:4337:13:FreeRTOS_rx_size	24	static
FreeRTOS_Sockets.c:4396:7:FreeRTOS_netstat	16	static
FreeRTOS_Sockets.c:4416:7:vTCPNetStat	120	static,ignoring_inline_asm
FreeRTOS_Sockets.c:4503:7:vSocketSelect	56	static
