FreeRTOS_Sockets.h:230:34:xSocketValid	24	static
FreeRTOS_IP_Private.h:266:23:vCastPointerTo_UDPPacket_t	16	static
FreeRTOS_IP_Private.h:895:32:usChar2u16	16	static
FreeRTOS_DNS.c:229:8:FreeRTOS_dnsclear	8	static
FreeRTOS_DNS.c:262:20:vCastPointerTo_DNSMessage_t	16	static
FreeRTOS_DNS.c:272:20:vCastConstPointerTo_DNSMessage_t	16	static
FreeRTOS_DNS.c:295:20:vCastPointerTo_DNSTail_t	16	static
FreeRTOS_DNS.c:317:20:vCastPointerTo_DNSAnswerRecord_t	16	static
FreeRTOS_DNS.c:343:21:vCastPointerTo_LLMNRAnswer_t	16	static
FreeRTOS_DNS.c:399:12:FreeRTOS_dnslookup	24	static
FreeRTOS_DNS.c:627:12:FreeRTOS_gethostbyname	16	static
FreeRTOS_DNS.c:677:19:prvPrepareLookup	48	static
FreeRTOS_DNS.c:798:18:prvGetHostByName	104	static
FreeRTOS_DNS.c:978:17:prvCreateDNSMessage	56	static
FreeRTOS_DNS.c:1081:18:prvReadNameField	40	static
FreeRTOS_DNS.c:1189:17:prvSkipNameField	32	static
FreeRTOS_DNS.c:1268:11:ulDNSHandlePacket	24	static
FreeRTOS_DNS.c:1335:19:prvParseDNSReply	176	static
FreeRTOS_DNS.c:1891:18:prvCreateDNSSocket	24	static
FreeRTOS_DNS.c:1936:15:prvReplyDNSMessage	40	static
FreeRTOS_DNS.c:1998:21:prvProcessDNSCache	56	static,ignoring_inline_asm
