FreeRTOS_IP_Private.h:91:23:vCastPointerTo_EthernetHeader_t	16	static
FreeRTOS_IP_Private.h:96:23:vCastConstPointerTo_EthernetHeader_t	16	static
FreeRTOS_IP_Private.h:157:23:vCastPointerTo_ICMPHeader_t	16	static
FreeRTOS_IP_Private.h:211:23:vCastPointerTo_ARPPacket_t	16	static
FreeRTOS_IP_Private.h:230:23:vCastPointerTo_IPPacket_t	16	static
FreeRTOS_IP_Private.h:234:23:vCastConstPointerTo_IPPacket_t	16	static
FreeRTOS_IP_Private.h:250:23:vCastPointerTo_ICMPPacket_t	16	static
FreeRTOS_IP_Private.h:270:23:vCastConstPointerTo_UDPPacket_t	16	static
FreeRTOS_IP_Private.h:308:23:vCastPointerTo_ProtocolPacket_t	16	static
FreeRTOS_IP_Private.h:312:23:vCastConstPointerTo_ProtocolPacket_t	16	static
FreeRTOS_IP_Private.h:800:23:vCastPointerTo_FreeRTOS_Socket_t	16	static
FreeRTOS_IP_Private.h:965:27:vCastPointerTo_SocketSelect_t	16	static
FreeRTOS_IP.c:184:19:vCastPointerTo_NetworkBufferDescriptor_t	16	static
FreeRTOS_IP.c:367:13:prvIPTask	48	static
FreeRTOS_IP.c:618:12:xIsCallingFromIPTask	16	static
FreeRTOS_IP.c:641:13:prvHandleEthernetPacket	16	static
FreeRTOS_IP.c:686:19:prvCalculateSleepTime	16	static
FreeRTOS_IP.c:743:13:prvCheckNetworkTimers	24	static
FreeRTOS_IP.c:819:13:prvIPTimerStart	16	static
FreeRTOS_IP.c:844:13:prvIPTimerReload	16	static
FreeRTOS_IP.c:859:19:prvIPTimerCheck	24	static
FreeRTOS_IP.c:900:6:FreeRTOS_NetworkDown	16	static
FreeRTOS_IP.c:929:12:FreeRTOS_NetworkDownFromISR	16	static
FreeRTOS_IP.c:960:8:FreeRTOS_GetUDPPayloadBuffer	32	static
FreeRTOS_IP.c:1002:29:pxDuplicateNetworkBufferWithDescriptor	24	static
FreeRTOS_IP.c:1037:36:prvPacketBuffer_to_NetworkBuffer	24	static
FreeRTOS_IP.c:1085:30:pxPacketBuffer_to_NetworkBuffer	16	static
FreeRTOS_IP.c:1100:29:pxUDPPayloadBuffer_to_NetworkBuffer	16	static
FreeRTOS_IP.c:1111:6:FreeRTOS_ReleaseUDPPayloadBuffer	16	static
FreeRTOS_IP.c:1135:12:FreeRTOS_IPInit	64	static,ignoring_inline_asm
FreeRTOS_IP.c:1254:6:FreeRTOS_GetAddressConfiguration	24	static
FreeRTOS_IP.c:1292:6:FreeRTOS_SetAddressConfiguration	24	static
FreeRTOS_IP.c:1334:13:FreeRTOS_SendPingRequest	64	static
FreeRTOS_IP.c:1427:12:xSendEventToIPTask	32	static
FreeRTOS_IP.c:1447:12:xSendEventStructToIPTask	32	static
FreeRTOS_IP.c:1518:12:xSendDHCPEvent	24	static
FreeRTOS_IP.c:1537:26:eConsiderFrameForProcessing	32	static
FreeRTOS_IP.c:1595:13:prvProcessNetworkDownEvent	8	static
FreeRTOS_IP.c:1653:6:vIPNetworkUpCalls	8	static
FreeRTOS_IP.c:1683:13:prvProcessEthernetPacket	32	static,ignoring_inline_asm
FreeRTOS_IP.c:1784:12:xIsIPv4Multicast	24	static
FreeRTOS_IP.c:1808:6:vSetMultiCastIPv4MacAddress	24	static
FreeRTOS_IP.c:1831:33:prvAllowIPPacket	40	static
FreeRTOS_IP.c:1989:33:prvProcessIPPacket	72	static
FreeRTOS_IP.c:2180:14:prvProcessICMPEchoReply	32	static
FreeRTOS_IP.c:2230:34:prvProcessICMPEchoRequest	32	static
FreeRTOS_IP.c:2283:34:prvProcessICMPPacket	24	static
FreeRTOS_IP.c:2326:20:xCheckSizeFields	56	static
FreeRTOS_IP.c:2468:10:usGenerateProtocolChecksum	80	static
FreeRTOS_IP.c:2792:10:usGenerateChecksum	64	static
FreeRTOS_IP.c:2946:6:vReturnEthernetFrame	40	static
FreeRTOS_IP.c:3039:7:vPrintResourceStats	24	static
FreeRTOS_IP.c:3110:10:FreeRTOS_GetIPAddress	4	static
FreeRTOS_IP.c:3121:6:FreeRTOS_SetIPAddress	16	static
FreeRTOS_IP.c:3133:10:FreeRTOS_GetGatewayAddress	4	static
FreeRTOS_IP.c:3144:10:FreeRTOS_GetDNSServerAddress	4	static
FreeRTOS_IP.c:3155:10:FreeRTOS_GetNetmask	4	static
FreeRTOS_IP.c:3166:6:FreeRTOS_UpdateMACAddress	16	static
FreeRTOS_IP.c:3178:17:FreeRTOS_GetMACAddress	4	static
FreeRTOS_IP.c:3189:6:FreeRTOS_SetNetmask	16	static
FreeRTOS_IP.c:3200:6:FreeRTOS_SetGatewayAddress	16	static
FreeRTOS_IP.c:3282:12:xIPIsNetworkTaskReady	4	static
FreeRTOS_IP.c:3293:12:FreeRTOS_IsNetworkUp	4	static
FreeRTOS_IP.c:3306:14:uxGetMinimumIPQueueSpace	4	static
FreeRTOS_IP.c:3323:14:FreeRTOS_strerror_r	32	static
