FreeRTOS_IP.h:228:35:FreeRTOS_min_int32	16	static
FreeRTOS_IP.h:233:36:FreeRTOS_min_uint32	16	static
FreeRTOS_Stream_Buffer.h:71:30:uxStreamBufferSpace	32	static
FreeRTOS_Stream_Buffer.h:92:30:uxStreamBufferDistance	32	static
FreeRTOS_Stream_Buffer.h:111:30:uxStreamBufferGetSpace	24	static
FreeRTOS_Stream_Buffer.h:123:30:uxStreamBufferFrontSpace	24	static
FreeRTOS_Stream_Buffer.h:149:30:uxStreamBufferMidSpace	24	static
FreeRTOS_Stream_Buffer.h:161:28:vStreamBufferMoveMid	24	static
FreeRTOS_IP_Private.h:139:23:vCastConstPointerTo_IPHeader_t	16	static
FreeRTOS_IP_Private.h:285:23:vCastPointerTo_TCPPacket_t	16	static
FreeRTOS_IP_Private.h:290:23:vCastConstPointerTo_TCPPacket_t	16	static
FreeRTOS_IP_Private.h:328:23:vCastPointerTo_ProtocolHeaders_t	16	static
FreeRTOS_IP_Private.h:333:23:vCastConstPointerTo_ProtocolHeaders_t	16	static
FreeRTOS_IP_Private.h:800:23:vCastPointerTo_FreeRTOS_Socket_t	16	static
FreeRTOS_IP_Private.h:886:32:ulChar2u32	16	static
FreeRTOS_IP_Private.h:895:32:usChar2u16	16	static
FreeRTOS_TCP_IP.c:403:20:prvTCPSocketIsActive	24	static
FreeRTOS_TCP_IP.c:443:21:prvTCPStatusNeedsCheck	24	static
FreeRTOS_TCP_IP.c:496:21:prvTCPStatusAgeCheck	48	static
FreeRTOS_TCP_IP.c:568:13:xTCPSocketCheck	40	static
FreeRTOS_TCP_IP.c:670:17:prvTCPSendPacket	40	static
FreeRTOS_TCP_IP.c:758:17:prvTCPSendRepeated	32	static
FreeRTOS_TCP_IP.c:806:14:prvTCPReturnPacket	128	static
FreeRTOS_TCP_IP.c:1089:14:prvTCPCreateWindow	32	static
FreeRTOS_TCP_IP.c:1125:20:prvTCPPrepareConnect	96	static
FreeRTOS_TCP_IP.c:1270:23:prvTCPFlagMeaning	72	static
FreeRTOS_TCP_IP.c:1302:15:prvCheckOptions	56	static
FreeRTOS_TCP_IP.c:1385:17:prvSingleStepTCPHeaderOptions	48	static
FreeRTOS_TCP_IP.c:1548:16:prvReadSackOption	48	static
FreeRTOS_TCP_IP.c:1603:18:prvWinScaleFactor	24	static
FreeRTOS_TCP_IP.c:1646:21:prvSetSynAckOptions	24	static
FreeRTOS_TCP_IP.c:1696:14:prvTCPTouchSocket	16	static
FreeRTOS_TCP_IP.c:1726:7:vTCPStateChange	64	static,ignoring_inline_asm
FreeRTOS_TCP_IP.c:1923:37:prvTCPBufferResize	40	static,ignoring_inline_asm
FreeRTOS_TCP_IP.c:2023:17:prvTCPPrepareSend	96	static
FreeRTOS_TCP_IP.c:2229:20:prvTCPNextTimeout	32	static
FreeRTOS_TCP_IP.c:2300:14:prvTCPAddTxData	24	static
FreeRTOS_TCP_IP.c:2346:20:prvTCPHandleFin	56	static
FreeRTOS_TCP_IP.c:2451:20:prvCheckRxData	56	static
FreeRTOS_TCP_IP.c:2534:20:prvStoreRxData	56	static
FreeRTOS_TCP_IP.c:2622:21:prvSetOptions	56	static
FreeRTOS_TCP_IP.c:2705:20:prvHandleSynReceived	80	static
FreeRTOS_TCP_IP.c:2856:20:prvHandleEstablished	96	static
FreeRTOS_TCP_IP.c:3035:20:prvSendData	80	static
FreeRTOS_TCP_IP.c:3197:20:prvTCPHandleState	56	static
FreeRTOS_TCP_IP.c:3391:20:prvTCPSendSpecialPacketHelper	24	static
FreeRTOS_TCP_IP.c:3426:20:prvTCPSendChallengeAck	16	static
FreeRTOS_TCP_IP.c:3439:20:prvTCPSendReset	16	static
FreeRTOS_TCP_IP.c:3451:14:prvSocketSetMSS	24	static
FreeRTOS_TCP_IP.c:3487:13:xProcessReceivedTCPPacket	88	static,ignoring_inline_asm
FreeRTOS_TCP_IP.c:3735:29:prvHandleListen	48	static
FreeRTOS_TCP_IP.c:3841:20:prvTCPSocketCopy	40	static
FreeRTOS_TCP_IP.c:3941:16:FreeRTOS_GetTCPStateName	24	static
FreeRTOS_TCP_IP.c:3982:13:xTCPCheckNewClient	40	static
