FreeRTOS_IP.h:228:35:FreeRTOS_min_int32	16	static
FreeRTOS_IP.h:233:36:FreeRTOS_min_uint32	16	static
FreeRTOS_TCP_WIN.c:69:20:vCastPointerTo_TCPSegment_t	16	static
FreeRTOS_TCP_WIN.c:249:32:xSequenceLessThanOrEqual	24	static
FreeRTOS_TCP_WIN.c:284:32:xSequenceLessThan	24	static
FreeRTOS_TCP_WIN.c:317:32:xSequenceGreaterThan	24	static
FreeRTOS_TCP_WIN.c:350:31:xSequenceGreaterThanOrEqual	24	static
FreeRTOS_TCP_WIN.c:379:26:vListInsertFifo	16	static
FreeRTOS_TCP_WIN.c:394:25:vTCPTimerSet	16	static
FreeRTOS_TCP_WIN.c:409:29:ulTimerGetAge	16	static
FreeRTOS_TCP_WIN.c:422:17:vListInsertGeneric	24	static
FreeRTOS_TCP_WIN.c:448:21:prvCreateSectors	16	static
FreeRTOS_TCP_WIN.c:499:25:xTCPWindowRxFind	32	static
FreeRTOS_TCP_WIN.c:541:25:xTCPWindowNew	48	static,ignoring_inline_asm
FreeRTOS_TCP_WIN.c:618:14:xTCPWindowRxEmpty	24	static
FreeRTOS_TCP_WIN.c:662:25:xTCPWindowGetHead	24	static
FreeRTOS_TCP_WIN.c:695:25:xTCPWindowPeekHead	24	static
FreeRTOS_TCP_WIN.c:724:15:vTCPWindowFree	16	static
FreeRTOS_TCP_WIN.c:760:8:vTCPWindowDestroy	32	static
FreeRTOS_TCP_WIN.c:806:7:vTCPWindowCreate	24	static
FreeRTOS_TCP_WIN.c:852:7:vTCPWindowInit	32	static
FreeRTOS_TCP_WIN.c:914:8:vTCPSegmentCleanup	8	static
FreeRTOS_TCP_WIN.c:956:25:xTCPWindowRxConfirm	80	static
FreeRTOS_TCP_WIN.c:1026:11:lTCPWindowRxCheck	88	static
FreeRTOS_TCP_WIN.c:1281:18:lTCPIncrementTxPosition	32	static
FreeRTOS_TCP_WIN.c:1316:11:lTCPWindowTxAdd	56	static
FreeRTOS_TCP_WIN.c:1451:14:xTCPWindowTxDone	16	static
FreeRTOS_TCP_WIN.c:1469:21:prvTCPWindowTxHasSpace	32	static
FreeRTOS_TCP_WIN.c:1540:14:xTCPWindowTxHasData	40	static
FreeRTOS_TCP_WIN.c:1628:12:ulTCPWindowTxGet	64	static,ignoring_inline_asm
FreeRTOS_TCP_WIN.c:1815:19:prvTCPWindowTxCheckAck	88	static
FreeRTOS_TCP_WIN.c:1978:19:prvTCPWindowFastRetransmit	32	static
FreeRTOS_TCP_WIN.c:2053:12:ulTCPWindowTxAck	24	static
FreeRTOS_TCP_WIN.c:2089:12:ulTCPWindowTxSack	48	static
