FreeRTOS_IP.c:375:13:prvIPTask	56	static
FreeRTOS_IP.c:641:12:xIsCallingFromIPTask	16	static
FreeRTOS_IP.c:664:14:FreeRTOS_GetIPTaskHandle	4	static
FreeRTOS_IP.c:676:13:prvHandleEthernetPacket	16	static
FreeRTOS_IP.c:721:19:prvCalculateSleepTime	16	static
FreeRTOS_IP.c:778:13:prvCheckNetworkTimers	24	static
FreeRTOS_IP.c:876:13:prvIPTimerStart	16	static
FreeRTOS_IP.c:901:13:prvIPTimerReload	16	static
FreeRTOS_IP.c:916:19:prvIPTimerCheck	24	static
FreeRTOS_IP.c:957:6:FreeRTOS_NetworkDown	16	static
FreeRTOS_IP.c:986:12:FreeRTOS_NetworkDownFromISR	16	static
FreeRTOS_IP.c:1017:8:FreeRTOS_GetUDPPayloadBuffer	32	static
FreeRTOS_IP.c:1059:29:pxDuplicateNetworkBufferWithDescriptor	24	static
FreeRTOS_IP.c:1094:36:prvPacketBuffer_to_NetworkBuffer	24	static
FreeRTOS_IP.c:1142:33:pxPacketBuffer_to_NetworkBuffer	16	static
FreeRTOS_IP.c:1157:29:pxUDPPayloadBuffer_to_NetworkBuffer	16	static
FreeRTOS_IP.c:1168:6:FreeRTOS_ReleaseUDPPayloadBuffer	16	static
FreeRTOS_IP.c:1192:12:FreeRTOS_IPInit	104	static,ignoring_inline_asm
FreeRTOS_IP.c:1356:6:FreeRTOS_GetAddressConfiguration	24	static
FreeRTOS_IP.c:1394:6:FreeRTOS_SetAddressConfiguration	24	static
FreeRTOS_IP.c:1436:16:FreeRTOS_SendPingRequest	64	static
FreeRTOS_IP.c:1527:12:xSendEventToIPTask	32	static
FreeRTOS_IP.c:1547:12:xSendEventStructToIPTask	32	static
FreeRTOS_IP.c:1641:26:eConsiderFrameForProcessing	32	static
FreeRTOS_IP.c:1699:13:prvProcessNetworkDownEvent	8	static
FreeRTOS_IP.c:1757:6:vIPNetworkUpCalls	8	static
FreeRTOS_IP.c:1787:13:prvProcessEthernetPacket	32	static,ignoring_inline_asm
FreeRTOS_IP.c:1912:12:xIsIPv4Multicast	24	static
FreeRTOS_IP.c:1936:6:vSetMultiCastIPv4MacAddress	24	static
FreeRTOS_IP.c:1959:33:prvAllowIPPacket	32	static
FreeRTOS_IP.c:2151:33:prvProcessIPPacket	72	static
FreeRTOS_IP.c:2356:17:prvProcessICMPEchoReply	32	static
FreeRTOS_IP.c:2406:37:prvProcessICMPEchoRequest	24	static
FreeRTOS_IP.c:2472:37:prvProcessICMPPacket	32	static,ignoring_inline_asm
FreeRTOS_IP.c:2528:23:xCheckSizeFields	56	static
FreeRTOS_IP.c:2671:10:usGenerateProtocolChecksum	80	static
FreeRTOS_IP.c:3021:10:usGenerateChecksum	56	static
FreeRTOS_IP.c:3123:6:vReturnEthernetFrame	64	static
FreeRTOS_IP.c:3249:10:vPrintResourceStats	24	static
FreeRTOS_IP.c:3320:10:FreeRTOS_GetIPAddress	4	static
FreeRTOS_IP.c:3331:6:FreeRTOS_SetIPAddress	16	static
FreeRTOS_IP.c:3343:10:FreeRTOS_GetGatewayAddress	4	static
FreeRTOS_IP.c:3354:10:FreeRTOS_GetDNSServerAddress	4	static
FreeRTOS_IP.c:3365:10:FreeRTOS_GetNetmask	4	static
FreeRTOS_IP.c:3376:6:FreeRTOS_UpdateMACAddress	16	static
FreeRTOS_IP.c:3388:17:FreeRTOS_GetMACAddress	4	static
FreeRTOS_IP.c:3399:6:FreeRTOS_SetNetmask	16	static
FreeRTOS_IP.c:3410:6:FreeRTOS_SetGatewayAddress	16	static
FreeRTOS_IP.c:3421:6:vIPSetARPResolutionTimerEnableState	16	static
FreeRTOS_IP.c:3510:12:xIPIsNetworkTaskReady	4	static
FreeRTOS_IP.c:3521:12:FreeRTOS_IsNetworkUp	4	static
FreeRTOS_IP.c:3534:17:uxGetMinimumIPQueueSpace	4	static
FreeRTOS_IP.c:3551:14:FreeRTOS_strerror_r	32	static
FreeRTOS_IP.c:3653:9:FreeRTOS_max_int32	16	static
FreeRTOS_IP.c:3666:10:FreeRTOS_max_uint32	16	static
FreeRTOS_IP.c:3679:8:FreeRTOS_max_size_t	16	static
FreeRTOS_IP.c:3692:9:FreeRTOS_min_int32	16	static
FreeRTOS_IP.c:3705:10:FreeRTOS_min_uint32	16	static
FreeRTOS_IP.c:3718:8:FreeRTOS_min_size_t	16	static
FreeRTOS_IP.c:3731:10:FreeRTOS_round_up	16	static
FreeRTOS_IP.c:3744:10:FreeRTOS_round_down	16	static
FreeRTOS_IP.c:3767:1:vCastPointerTo_EthernetHeader_t	16	static
FreeRTOS_IP.c:3776:1:vCastConstPtrTo_EthernetHeader_t	16	static
FreeRTOS_IP.c:3785:1:vCastPointerTo_IPHeader_t	16	static
FreeRTOS_IP.c:3794:1:vCastConstPtrTo_IPHeader_t	16	static
FreeRTOS_IP.c:3803:1:vCastPointerTo_ICMPHeader_t	16	static
FreeRTOS_IP.c:3812:1:vCastConstPtrTo_ICMPHeader_t	16	static
FreeRTOS_IP.c:3821:1:vCastPointerTo_ARPPacket_t	16	static
FreeRTOS_IP.c:3830:1:vCastConstPtrTo_ARPPacket_t	16	static
FreeRTOS_IP.c:3839:1:vCastPointerTo_IPPacket_t	16	static
FreeRTOS_IP.c:3848:1:vCastConstPtrTo_IPPacket_t	16	static
FreeRTOS_IP.c:3857:1:vCastPointerTo_ICMPPacket_t	16	static
FreeRTOS_IP.c:3866:1:vCastPointerTo_UDPPacket_t	16	static
FreeRTOS_IP.c:3875:1:vCastConstPtrTo_UDPPacket_t	16	static
FreeRTOS_IP.c:3884:1:vCastPointerTo_TCPPacket_t	16	static
FreeRTOS_IP.c:3893:1:vCastConstPtrTo_TCPPacket_t	16	static
FreeRTOS_IP.c:3902:1:vCastPointerTo_ProtocolPacket_t	16	static
FreeRTOS_IP.c:3911:1:vCastConstPtrTo_ProtocolPacket_t	16	static
FreeRTOS_IP.c:3920:1:vCastPointerTo_ProtocolHeaders_t	16	static
FreeRTOS_IP.c:3929:1:vCastConstPtrTo_ProtocolHeaders_t	16	static
FreeRTOS_IP.c:3938:1:vCastPointerTo_FreeRTOS_Socket_t	16	static
FreeRTOS_IP.c:3947:1:vCastConstPtrTo_FreeRTOS_Socket_t	16	static
FreeRTOS_IP.c:3958:5:vCastPointerTo_ListItem_t	16	static
FreeRTOS_IP.c:3968:1:vCastConstPtrTo_ListItem_t	16	static
FreeRTOS_IP.c:3979:5:vCastPointerTo_SocketSelect_t	16	static
FreeRTOS_IP.c:3988:5:vCastConstPtrTo_SocketSelect_t	16	static
FreeRTOS_IP.c:3997:5:vCastPointerTo_SocketSelectMessage_t	16	static
FreeRTOS_IP.c:4006:5:vCastConstPtrTo_SocketSelectMessage_t	16	static
FreeRTOS_IP.c:4016:1:vCastPointerTo_NetworkBufferDescriptor_t	16	static
FreeRTOS_IP.c:4033:10:ulChar2u32	16	static
FreeRTOS_IP.c:4051:10:usChar2u16	16	static
