FreeRTOS_ARP.c:132:26:eARPProcessPacket	48	static
FreeRTOS_ARP.c:313:13:vProcessARPPacketReply	48	static
FreeRTOS_ARP.c:365:12:xIsIPInARPCache	24	static
FreeRTOS_ARP.c:399:12:xCheckRequiresARPResolution	32	static
FreeRTOS_ARP.c:462:6:vARPRefreshCacheEntryAge	24	static
FreeRTOS_ARP.c:497:6:vARPRefreshCacheEntry	56	static
FreeRTOS_ARP.c:721:20:eARPGetCacheEntry	32	static,ignoring_inline_asm
FreeRTOS_ARP.c:838:27:prvCacheLookup	24	static
FreeRTOS_ARP.c:880:6:vARPAgeCache	16	static
FreeRTOS_ARP.c:936:6:vARPSendGratuitous	8	static
FreeRTOS_ARP.c:954:6:FreeRTOS_OutputARPRequest	32	static
FreeRTOS_ARP.c:1017:12:xARPWaitResolution	56	static,ignoring_inline_asm
FreeRTOS_ARP.c:1074:6:vARPGenerateRequestPacket	40	static,ignoring_inline_asm
FreeRTOS_ARP.c:1151:6:FreeRTOS_ClearARP	8	static
FreeRTOS_ARP.c:1171:16:xCheckLoopback	40	static
FreeRTOS_ARP.c:1217:10:FreeRTOS_PrintARPCache	64	static
