NetworkInterface.c:197:18:pucGetRXBuffer	32	static
NetworkInterface.c:214:12:xNetworkInterfaceInitialise	48	static,ignoring_inline_asm
NetworkInterface.c:334:12:xGetPhyLinkStatus	16	static
NetworkInterface.c:351:12:xNetworkInterfaceOutput	48	static,ignoring_inline_asm
NetworkInterface.c:447:13:prvMACBProbePhy	8	static
NetworkInterface.c:460:13:prvEthernetUpdateConfig	128	static
NetworkInterface.c:522:19:prvNetworkInterfaceInput	56	static
NetworkInterface.c:698:16:ETH_PHY_IO_ReadReg	32	static
NetworkInterface.c:720:16:ETH_PHY_IO_WriteReg	32	static
NetworkInterface.c:753:13:prvSetFlagsAndNotify	24	static,ignoring_inline_asm
NetworkInterface.c:770:6:HAL_ETH_TxCpltCallback	16	static
NetworkInterface.c:777:6:HAL_ETH_RxCpltCallback	16	static
NetworkInterface.c:784:6:HAL_ETH_DMAErrorCallback	16	static
NetworkInterface.c:801:6:vNetworkInterfaceAllocateRAMToBuffers	24	static
NetworkInterface.c:815:13:vClearOptionBit	16	static
NetworkInterface.c:824:15:uxGetOwnCount	32	static
NetworkInterface.c:846:13:prvEMACHandlerTask	40	static
